// Jest Snapshot v1, https://goo.gl/fbAQLP

exports[`renders app component 1`] = `
<div>
  <div
    data-testid="iterator-container"
  >
    <p>
      All users:
       
    </p>
    <div>
      Current user:
       
    </div>
    <div>
      Users could not be fetched!!
    </div>
    <button
      style="background: grey; color: white; padding: 20px;"
    >
      Next
    </button>
    <button
      style="background: grey; color: blue; padding: 20px;"
    >
      Previous
    </button>
  </div>
</div>
`;
